OK — ai-explo/vague3/B_warrior2_v3.png
[1/13] warrior2 fait
OK — ai-explo/vague3/B_tree_v3.png
[2/13] tree fait
OK — ai-explo/vague3/B_staff-pose_v3.png
[3/13] staff-pose fait
OK — ai-explo/vague3/B_seated-forward-fold_v3.png
[4/13] seated-forward-fold fait
OK — ai-explo/vague3/B_wide-angle-seated-fold_v3.png
[5/13] wide-angle-seated-fold fait
OK — ai-explo/vague3/B_warrior3_v3.png
[6/13] warrior3 fait
OK — ai-explo/vague3/B_half-moon_v3.png
[7/13] half-moon fait
OK — ai-explo/vague3/B_boat_v3.png
[8/13] boat fait
OK — ai-explo/vague3/B_camel_v3.png
[9/13] camel fait
OK — ai-explo/vague3/B_wide-legged-forward-fold_v3.png
[10/13] wide-legged-forward-fold fait
OK — ai-explo/vague3/B_forearm-tabletop_v3.png
[11/13] forearm-tabletop fait
OK — ai-explo/vague3/B_side-plank_v3.png
[12/13] side-plank fait
OK — ai-explo/vague3/B_forearm-plank_v3.png
[13/13] forearm-plank fait
VAGUE 3 TERMINÉE
