batch: 47 à générer, 14 en file à revoir (['VENTRAL_EXCLU', 'allonge_dos'])
OK — ai-explo/batch/B_tadasana.png
[1/47] tadasana: ok
OK — ai-explo/batch/B_warrior1.png
[2/47] warrior1: ok
OK — ai-explo/batch/B_warrior2.png
[3/47] warrior2: ok
OK — ai-explo/batch/B_tree.png
[4/47] tree: ok
OK — ai-explo/batch/B_chair.png
[5/47] chair: ok
OK — ai-explo/batch/B_easy-pose.png
[6/47] easy-pose: ok
OK — ai-explo/batch/B_staff-pose.png
[7/47] staff-pose: ok
OK — ai-explo/batch/B_butterfly.png
[8/47] butterfly: ok
OK — ai-explo/batch/B_seated-forward-fold.png
[9/47] seated-forward-fold: ok
OK — ai-explo/batch/B_wide-angle-seated-fold.png
[10/47] wide-angle-seated-fold: ok
OK — ai-explo/batch/B_downward-dog.png
[11/47] downward-dog: ok
OK — ai-explo/batch/B_cat-cow.png
[12/47] cat-cow: ok
OK — ai-explo/batch/B_plank.png
[13/47] plank: ok
OK — ai-explo/batch/B_forward-fold.png
[14/47] forward-fold: ok
OK — ai-explo/batch/B_dolphin.png
[15/47] dolphin: ok
OK — ai-explo/batch/B_headstand.png
[16/47] headstand: ok
OK — ai-explo/batch/B_warrior3.png
[17/47] warrior3: ok
OK — ai-explo/batch/B_half-moon.png
[18/47] half-moon: ok
OK — ai-explo/batch/B_crow.png
[19/47] crow: ok
OK — ai-explo/batch/B_child.png
[20/47] child: ok
OK — ai-explo/batch/B_triangle.png
[21/47] triangle: ok
OK — ai-explo/batch/B_boat.png
[22/47] boat: ok
OK — ai-explo/batch/B_sun-salutation-a.png
[23/47] sun-salutation-a: ok
OK — ai-explo/batch/B_sun-salutation-b.png
[24/47] sun-salutation-b: ok
OK — ai-explo/batch/B_reverse-plank.png
[25/47] reverse-plank: ok
OK — ai-explo/batch/B_king-pigeon.png
[26/47] king-pigeon: ok
OK — ai-explo/batch/B_camel.png
[27/47] camel: ok
OK — ai-explo/batch/B_low-lunge.png
[28/47] low-lunge: ok
OK — ai-explo/batch/B_eagle.png
[29/47] eagle: ok
OK — ai-explo/batch/B_wide-legged-forward-fold.png
[30/47] wide-legged-forward-fold: ok
OK — ai-explo/batch/B_hands-under-feet.png
[31/47] hands-under-feet: ok
OK — ai-explo/batch/B_head-to-knee.png
[32/47] head-to-knee: ok
OK — ai-explo/batch/B_marichyasana-a.png
[33/47] marichyasana-a: ok
OK — ai-explo/batch/B_side-angle.png
[34/47] side-angle: ok
OK — ai-explo/batch/B_pyramid.png
[35/47] pyramid: ok
OK — ai-explo/batch/B_tortoise.png
[36/47] tortoise: ok
OK — ai-explo/batch/B_shoulder-pressing.png
[37/47] shoulder-pressing: ok
OK — ai-explo/batch/B_embryo.png
[38/47] embryo: ok
OK — ai-explo/batch/B_hand-to-big-toe.png
[39/47] hand-to-big-toe: ok
OK — ai-explo/batch/B_half-bound-lotus-fold.png
[40/47] half-bound-lotus-fold: ok
OK — ai-explo/batch/B_seated-twist.png
[41/47] seated-twist: ok
OK — ai-explo/batch/B_big-toe-fold.png
[42/47] big-toe-fold: ok
OK — ai-explo/batch/B_forearm-tabletop.png
[43/47] forearm-tabletop: ok
OK — ai-explo/batch/B_side-plank.png
[44/47] side-plank: ok
OK — ai-explo/batch/B_forearm-plank.png
[45/47] forearm-plank: ok
OK — ai-explo/batch/B_bird-dog.png
[46/47] bird-dog: ok
OK — ai-explo/batch/B_standing-quad-stretch.png
[47/47] standing-quad-stretch: ok
TERMINÉ — 47 ok, 0 échecs, 14 à-revoir
