OK — ai-explo/batch/B_staff-pose_v2.png
[1/23] staff-pose: ok
OK — ai-explo/batch/B_butterfly_v2.png
[2/23] butterfly: ok
OK — ai-explo/batch/B_seated-forward-fold_v2.png
[3/23] seated-forward-fold: ok
OK — ai-explo/batch/B_wide-angle-seated-fold_v2.png
[4/23] wide-angle-seated-fold: ok
OK — ai-explo/batch/B_chair_v2.png
[5/23] chair: ok
OK — ai-explo/batch/B_dolphin_v2.png
[6/23] dolphin: ok
OK — ai-explo/batch/B_half-moon_v2.png
[7/23] half-moon: ok
OK — ai-explo/batch/B_crow_v2.png
[8/23] crow: ok
OK — ai-explo/batch/B_boat_v2.png
[9/23] boat: ok
OK — ai-explo/batch/B_child_v2.png
[10/23] child: ok
OK — ai-explo/batch/B_warrior3_v2.png
[11/23] warrior3: ok
OK — ai-explo/batch/B_camel_v2.png
[12/23] camel: ok
OK — ai-explo/batch/B_low-lunge_v2.png
[13/23] low-lunge: ok
OK — ai-explo/batch/B_head-to-knee_v2.png
[14/23] head-to-knee: ok
OK — ai-explo/batch/B_side-angle_v2.png
[15/23] side-angle: ok
OK — ai-explo/batch/B_reverse-plank_v2.png
[16/23] reverse-plank: ok
OK — ai-explo/batch/B_king-pigeon_v2.png
[17/23] king-pigeon: ok
OK — ai-explo/batch/B_marichyasana-a_v2.png
[18/23] marichyasana-a: ok
OK — ai-explo/batch/B_hand-to-big-toe_v2.png
[19/23] hand-to-big-toe: ok
OK — ai-explo/batch/B_side-plank_v2.png
[20/23] side-plank: ok
OK — ai-explo/batch/B_standing-quad-stretch_v2.png
[21/23] standing-quad-stretch: ok
OK — ai-explo/batch/B_bird-dog_v2.png
[22/23] bird-dog: ok
OK — ai-explo/batch/B_seated-twist_v2.png
[23/23] seated-twist: ok
RETRIES TERMINÉS
